20:09:08  output: /home/ziqiliu2/semivalue_coupled_sampling/real-paper/experiments/SOU_comparison_various_eta/results/polyshap_vs_easeshap
20:09:08  game: n=40, alphas=[0.5, 0.7071067811865476, 0.8660254037844386], num_high_order=1600, sigma2=None
20:09:08  budgets: run_nue=5000, track_step=500
20:09:08  n_proc=10, force=False
20:09:08  groundtruth: (0.8660254037844386, 'cached', 0.0)
20:09:08  groundtruth: (0.7071067811865476, 'cached', 0.0)
20:09:08  groundtruth: (0.5, 'cached', 0.0)
20:12:32  runs: (0.5, 2, 'computed', 203.5308690071106)
20:12:37  runs: (0.5, 7, 'computed', 208.29554438591003)
20:12:47  runs: (0.5, 0, 'computed', 218.845032453537)
20:12:54  runs: (0.5, 8, 'computed', 225.4507293701172)
20:13:07  runs: (0.5, 3, 'computed', 238.8999273777008)
20:13:15  runs: (0.5, 5, 'computed', 247.23468565940857)
20:13:17  runs: (0.5, 4, 'computed', 248.9157955646515)
20:13:22  runs: (0.5, 6, 'computed', 253.75148677825928)
20:13:23  runs: (0.5, 1, 'computed', 254.87059950828552)
20:13:30  runs: (0.5, 9, 'computed', 262.2531840801239)
20:16:28  runs: (0.7071067811865476, 1, 'computed', 231.9347140789032)
20:16:29  runs: (0.7071067811865476, 0, 'computed', 237.53737878799438)
20:16:44  runs: (0.7071067811865476, 7, 'computed', 202.23338222503662)
20:16:48  runs: (0.7071067811865476, 5, 'computed', 212.42944931983948)
20:17:01  runs: (0.7071067811865476, 2, 'computed', 253.9310667514801)
20:17:07  runs: (0.7071067811865476, 3, 'computed', 253.04222011566162)
20:17:18  runs: (0.7071067811865476, 9, 'computed', 227.32168340682983)
20:17:25  runs: (0.7071067811865476, 8, 'computed', 241.4441921710968)
20:17:30  runs: (0.7071067811865476, 6, 'computed', 253.07616186141968)
20:17:31  runs: (0.7071067811865476, 4, 'computed', 264.29374837875366)
20:20:04  runs: (0.8660254037844386, 1, 'computed', 215.0130307674408)
20:20:05  runs: (0.8660254037844386, 2, 'computed', 201.28896236419678)
20:20:23  runs: (0.8660254037844386, 3, 'computed', 215.2010805606842)
20:20:33  runs: (0.8660254037844386, 0, 'computed', 244.96033430099487)
20:20:45  runs: (0.8660254037844386, 4, 'computed', 223.6396644115448)
20:20:55  runs: (0.8660254037844386, 5, 'computed', 228.5769808292389)
20:21:02  runs: (0.8660254037844386, 9, 'computed', 210.7402846813202)
20:21:06  runs: (0.8660254037844386, 6, 'computed', 228.3453528881073)
20:21:06  runs: (0.8660254037844386, 7, 'computed', 221.94184684753418)
20:21:11  runs: (0.8660254037844386, 8, 'computed', 221.04815316200256)
20:21:11  summary: wrote 600 rows to /home/ziqiliu2/semivalue_coupled_sampling/real-paper/experiments/SOU_comparison_various_eta/results/polyshap_vs_easeshap/summary.csv
20:21:12  plots: wrote /home/ziqiliu2/semivalue_coupled_sampling/real-paper/experiments/SOU_comparison_various_eta/results/polyshap_vs_easeshap/plots/convergence_rel_sq_error.png
