20:05:13  output: /home/ziqiliu2/semivalue_coupled_sampling/real-paper/experiments/SOU_comparison_various_eta/results/regmsr_unpaired_vs_easeshap
20:05:13  game: n=40, alphas=[0.5, 0.7071067811865476, 0.8660254037844386], num_high_order=1600, sigma2=None
20:05:13  budgets: run_nue=5000, track_step=500
20:05:13  n_proc=10, force=False
20:05:13  groundtruth: (0.5, 'computed', 0.020055055618286133)
20:05:13  groundtruth: (0.7071067811865476, 'computed', 0.02025628089904785)
20:05:13  groundtruth: (0.8660254037844386, 'computed', 0.020407676696777344)
20:06:09  runs: (0.5, 6, 'computed', 55.23746705055237)
20:06:09  runs: (0.5, 9, 'computed', 55.41332674026489)
20:06:12  runs: (0.5, 1, 'computed', 58.53960728645325)
20:06:12  runs: (0.5, 0, 'computed', 58.98991847038269)
20:06:13  runs: (0.5, 2, 'computed', 59.42461538314819)
20:06:14  runs: (0.5, 5, 'computed', 60.05033206939697)
20:06:14  runs: (0.5, 3, 'computed', 60.35438370704651)
20:06:14  runs: (0.5, 8, 'computed', 60.482155561447144)
20:06:15  runs: (0.5, 7, 'computed', 61.41165494918823)
20:06:15  runs: (0.5, 4, 'computed', 61.61017966270447)
20:07:04  runs: (0.7071067811865476, 2, 'computed', 51.47231841087341)
20:07:05  runs: (0.7071067811865476, 9, 'computed', 49.529332399368286)
20:07:05  runs: (0.7071067811865476, 0, 'computed', 56.3592426776886)
20:07:05  runs: (0.7071067811865476, 1, 'computed', 56.51243877410889)
20:07:11  runs: (0.7071067811865476, 6, 'computed', 56.83580017089844)
20:07:12  runs: (0.7071067811865476, 8, 'computed', 56.69395923614502)
20:07:12  runs: (0.7071067811865476, 4, 'computed', 58.718584299087524)
20:07:12  runs: (0.7071067811865476, 5, 'computed', 58.13619351387024)
20:07:12  runs: (0.7071067811865476, 3, 'computed', 59.253952980041504)
20:07:12  runs: (0.7071067811865476, 7, 'computed', 58.4303514957428)
20:07:56  runs: (0.8660254037844386, 1, 'computed', 51.8630211353302)
20:07:59  runs: (0.8660254037844386, 0, 'computed', 55.315279960632324)
20:08:00  runs: (0.8660254037844386, 2, 'computed', 55.32657861709595)
20:08:01  runs: (0.8660254037844386, 3, 'computed', 55.17977213859558)
20:08:06  runs: (0.8660254037844386, 4, 'computed', 54.96739745140076)
20:08:06  runs: (0.8660254037844386, 6, 'computed', 54.181525230407715)
20:08:07  runs: (0.8660254037844386, 5, 'computed', 55.47230577468872)
20:08:10  runs: (0.8660254037844386, 9, 'computed', 57.62260913848877)
20:08:10  runs: (0.8660254037844386, 8, 'computed', 58.610764265060425)
20:08:10  runs: (0.8660254037844386, 7, 'computed', 58.6875159740448)
20:08:10  summary: wrote 900 rows to /home/ziqiliu2/semivalue_coupled_sampling/real-paper/experiments/SOU_comparison_various_eta/results/regmsr_unpaired_vs_easeshap/summary.csv
20:08:11  plots: wrote /home/ziqiliu2/semivalue_coupled_sampling/real-paper/experiments/SOU_comparison_various_eta/results/regmsr_unpaired_vs_easeshap/plots/convergence_rel_sq_error.png
