20:11:28  output: /home/ziqiliu2/semivalue_coupled_sampling/real-paper/experiments/SOU_comparison_various_eta/results/ofa_vs_easeshap
20:11:28  game: n=40, alphas=[0.5, 0.7071067811865476, 0.8660254037844386], num_high_order=1600, sigma2=None
20:11:28  budgets: run_nue=5000, track_step=500
20:11:28  n_proc=10, force=False
20:11:28  groundtruth: (0.5, 'cached', 0.0)
20:11:28  groundtruth: (0.8660254037844386, 'cached', 0.0)
20:11:28  groundtruth: (0.7071067811865476, 'cached', 0.0)
20:12:53  runs: (0.5, 2, 'computed', 85.24875855445862)
20:12:53  runs: (0.5, 5, 'computed', 85.4797842502594)
20:12:58  runs: (0.5, 1, 'computed', 90.50555610656738)
20:13:00  runs: (0.5, 6, 'computed', 92.40437602996826)
20:13:01  runs: (0.5, 0, 'computed', 93.76168942451477)
20:13:02  runs: (0.5, 9, 'computed', 93.88917016983032)
20:13:02  runs: (0.5, 3, 'computed', 94.74127197265625)
20:13:03  runs: (0.5, 4, 'computed', 95.04353380203247)
20:13:03  runs: (0.5, 8, 'computed', 95.37515711784363)
20:13:03  runs: (0.5, 7, 'computed', 95.55199980735779)
20:14:22  runs: (0.7071067811865476, 0, 'computed', 89.1286051273346)
20:14:25  runs: (0.7071067811865476, 1, 'computed', 91.72411799430847)
20:14:26  runs: (0.7071067811865476, 2, 'computed', 87.41570520401001)
20:14:28  runs: (0.7071067811865476, 3, 'computed', 88.34762239456177)
20:14:30  runs: (0.7071067811865476, 4, 'computed', 88.58493947982788)
20:14:32  runs: (0.7071067811865476, 9, 'computed', 89.0508782863617)
20:14:33  runs: (0.7071067811865476, 6, 'computed', 90.84727668762207)
20:14:33  runs: (0.7071067811865476, 8, 'computed', 90.28816819190979)
20:14:34  runs: (0.7071067811865476, 5, 'computed', 92.41019821166992)
20:14:35  runs: (0.7071067811865476, 7, 'computed', 92.49266767501831)
20:15:49  runs: (0.8660254037844386, 0, 'computed', 87.11128640174866)
20:15:50  runs: (0.8660254037844386, 2, 'computed', 84.39845180511475)
20:15:53  runs: (0.8660254037844386, 1, 'computed', 87.6552345752716)
20:15:58  runs: (0.8660254037844386, 3, 'computed', 89.92565536499023)
20:16:00  runs: (0.8660254037844386, 4, 'computed', 89.91886878013611)
20:16:00  runs: (0.8660254037844386, 6, 'computed', 87.04021215438843)
20:16:03  runs: (0.8660254037844386, 5, 'computed', 90.6477735042572)
20:16:04  runs: (0.8660254037844386, 7, 'computed', 90.32599449157715)
20:16:05  runs: (0.8660254037844386, 9, 'computed', 89.92315626144409)
20:16:05  runs: (0.8660254037844386, 8, 'computed', 91.18407773971558)
20:16:05  summary: wrote 600 rows to /home/ziqiliu2/semivalue_coupled_sampling/real-paper/experiments/SOU_comparison_various_eta/results/ofa_vs_easeshap/summary.csv
20:16:05  plots: wrote /home/ziqiliu2/semivalue_coupled_sampling/real-paper/experiments/SOU_comparison_various_eta/results/ofa_vs_easeshap/plots/convergence_rel_sq_error.png
